[www.iamcyndee.com.ng/index.html]
[backblue.gif]
[fade.gif]
[index.html]
[www.iamcyndee.com.ng/js/jquery-2.2.3.min.js]
[www.iamcyndee.com.ng/images/img1.jpg]
[www.iamcyndee.com.ng/js/jquery.swipebox.min.js]
[www.iamcyndee.com.ng/js/skill.bars.jquery.js]
[www.iamcyndee.com.ng/js/bootstrap.js]
[www.iamcyndee.com.ng/index.html]
[www.iamcyndee.com.ng/fonts/glyphicons-halflings-regular.woff2]
[www.iamcyndee.com.ng/css/bootstrap.css]
[www.iamcyndee.com.ng/images/slide1.jpg]
[www.iamcyndee.com.ng/images/slide2.jpg]
[www.iamcyndee.com.ng/css/style.css]
[www.iamcyndee.com.ng/fonts/fontawesome-webfont5b62.eot]
[www.iamcyndee.com.ng/fonts/fontawesome-webfontd41d.eot]
[www.iamcyndee.com.ng/fonts/fontawesome-webfont5b62.woff2]
[www.iamcyndee.com.ng/fonts/fontawesome-webfont5b62.woff]
[www.iamcyndee.com.ng/fonts/fontawesome-webfont5b62.ttf]
[www.iamcyndee.com.ng/css/font-awesome.css]
[www.iamcyndee.com.ng/images/icons.png]
[www.iamcyndee.com.ng/css/swipebox.css]
[www.iamcyndee.com.ng/fonts/glyphicons-halflings-regular.html]
[www.iamcyndee.com.ng/fonts/glyphicons-halflings-regulard41d.html]
[www.iamcyndee.com.ng/fonts/glyphicons-halflings-regular.woff]
[www.iamcyndee.com.ng/fonts/glyphicons-halflings-regular-2.html]
[www.iamcyndee.com.ng/fonts/glyphicons-halflings-regular-3.html]
[www.iamcyndee.com.ng/images/1.html]
[www.iamcyndee.com.ng/images/dott.html]
[www.iamcyndee.com.ng/fonts/fontawesome-webfont5b62.svg]
[www.iamcyndee.com.ng/img/loader.html]
